[VMEM] WARNING: physical memory size is smaller than virtual memory size.

*** ChampSim Multicore Out-of-Order Simulator ***
Warmup Instructions: 20000000
Simulation Instructions: 50000000
Number of CPUs: 1
Page size: 4096

Off-chip DRAM Size: 16 GiB Channels: 1 Width: 64-bit Data Rate: 3205 MT/s
Heartbeat CPU 0 instructions: 10000002 cycles: 6835467 heartbeat IPC: 1.463 cumulative IPC: 1.463 (Simulation time: 00 hr 00 min 36 sec)
Heartbeat CPU 0 instructions: 20000002 cycles: 13756010 heartbeat IPC: 1.445 cumulative IPC: 1.454 (Simulation time: 00 hr 01 min 13 sec)
Warmup finished CPU 0 instructions: 20000002 cycles: 13756010 cumulative IPC: 1.454 (Simulation time: 00 hr 01 min 13 sec)
Warmup complete CPU 0 instructions: 20000002 cycles: 13756010 cumulative IPC: 1.454 (Simulation time: 00 hr 01 min 13 sec)
Heartbeat CPU 0 instructions: 30000003 cycles: 21368485 heartbeat IPC: 1.314 cumulative IPC: 1.314 (Simulation time: 00 hr 01 min 43 sec)
Heartbeat CPU 0 instructions: 40000005 cycles: 29435236 heartbeat IPC: 1.24 cumulative IPC: 1.276 (Simulation time: 00 hr 02 min 14 sec)
Heartbeat CPU 0 instructions: 50000006 cycles: 37395234 heartbeat IPC: 1.256 cumulative IPC: 1.269 (Simulation time: 00 hr 02 min 44 sec)
Heartbeat CPU 0 instructions: 60000008 cycles: 44856645 heartbeat IPC: 1.34 cumulative IPC: 1.286 (Simulation time: 00 hr 03 min 13 sec)
Simulation finished CPU 0 instructions: 50000000 cycles: 39140186 cumulative IPC: 1.277 (Simulation time: 00 hr 03 min 44 sec)
Simulation complete CPU 0 instructions: 50000000 cycles: 39140186 cumulative IPC: 1.277 (Simulation time: 00 hr 03 min 44 sec)

ChampSim completed all CPUs

=== Simulation ===
CPU 0 runs traces/400.perlbench-41B.champsimtrace.xz

Region of Interest Statistics

CPU 0 cumulative IPC: 1.277 instructions: 50000000 cycles: 39140186
CPU 0 Branch Prediction Accuracy: 99.05% MPKI: 1.946 Average ROB Occupancy at Mispredict: 196.5
Branch type MPKI
BRANCH_DIRECT_JUMP: 0.00256
BRANCH_INDIRECT: 0.2763
BRANCH_CONDITIONAL: 1.65
BRANCH_DIRECT_CALL: 0.0073
BRANCH_INDIRECT_CALL: 0.00762
BRANCH_RETURN: 0.0019

cpu0->LLC TOTAL        ACCESS:       9643 HIT:       1083 MISS:       8560 MISS_MERGE:          0
cpu0->LLC LOAD         ACCESS:       7849 HIT:        196 MISS:       7653 MISS_MERGE:          0
cpu0->LLC RFO          ACCESS:        240 HIT:         26 MISS:        214 MISS_MERGE:          0
cpu0->LLC PREFETCH     ACCESS:          0 HIT:          0 MISS:          0 MISS_MERGE:          0
cpu0->LLC WRITE        ACCESS:       1443 HIT:        782 MISS:        661 MISS_MERGE:          0
cpu0->LLC TRANSLATION  ACCESS:        111 HIT:         79 MISS:         32 MISS_MERGE:          0
cpu0->LLC PREFETCH REQUESTED:          0 ISSUED:          0 USEFUL:          0 USELESS:          0
cpu0->LLC AVERAGE MISS LATENCY: 158.2 cycles
cpu0->cpu0_DTLB TOTAL        ACCESS:   15497322 HIT:   15488012 MISS:       9310 MISS_MERGE:       2969
cpu0->cpu0_DTLB LOAD         ACCESS:   15497322 HIT:   15488012 MISS:       9310 MISS_MERGE:       2969
cpu0->cpu0_DTLB RFO          ACCESS:          0 HIT:          0 MISS:          0 MISS_MERGE:          0
cpu0->cpu0_DTLB PREFETCH     ACCESS:          0 HIT:          0 MISS:          0 MISS_MERGE:          0
cpu0->cpu0_DTLB WRITE        ACCESS:          0 HIT:          0 MISS:          0 MISS_MERGE:          0
cpu0->cpu0_DTLB TRANSLATION  ACCESS:          0 HIT:          0 MISS:          0 MISS_MERGE:          0
cpu0->cpu0_DTLB PREFETCH REQUESTED:          0 ISSUED:          0 USEFUL:          0 USELESS:          0
cpu0->cpu0_DTLB AVERAGE MISS LATENCY: 12.41 cycles
cpu0->cpu0_ITLB TOTAL        ACCESS:    5172060 HIT:    5172054 MISS:          6 MISS_MERGE:          4
cpu0->cpu0_ITLB LOAD         ACCESS:    5172060 HIT:    5172054 MISS:          6 MISS_MERGE:          4
cpu0->cpu0_ITLB RFO          ACCESS:          0 HIT:          0 MISS:          0 MISS_MERGE:          0
cpu0->cpu0_ITLB PREFETCH     ACCESS:          0 HIT:          0 MISS:          0 MISS_MERGE:          0
cpu0->cpu0_ITLB WRITE        ACCESS:          0 HIT:          0 MISS:          0 MISS_MERGE:          0
cpu0->cpu0_ITLB TRANSLATION  ACCESS:          0 HIT:          0 MISS:          0 MISS_MERGE:          0
cpu0->cpu0_ITLB PREFETCH REQUESTED:          0 ISSUED:          0 USEFUL:          0 USELESS:          0
cpu0->cpu0_ITLB AVERAGE MISS LATENCY: 4 cycles
cpu0->cpu0_L1D TOTAL        ACCESS:   15497849 HIT:   15485881 MISS:      11968 MISS_MERGE:       3719
cpu0->cpu0_L1D LOAD         ACCESS:    8482350 HIT:    8471309 MISS:      11041 MISS_MERGE:       3267
cpu0->cpu0_L1D RFO          ACCESS:          0 HIT:          0 MISS:          0 MISS_MERGE:          0
cpu0->cpu0_L1D PREFETCH     ACCESS:          0 HIT:          0 MISS:          0 MISS_MERGE:          0
cpu0->cpu0_L1D WRITE        ACCESS:    7014972 HIT:    7014206 MISS:        766 MISS_MERGE:        452
cpu0->cpu0_L1D TRANSLATION  ACCESS:        527 HIT:        366 MISS:        161 MISS_MERGE:          0
cpu0->cpu0_L1D PREFETCH REQUESTED:          0 ISSUED:          0 USEFUL:          0 USELESS:          0
cpu0->cpu0_L1D AVERAGE MISS LATENCY: 183.9 cycles
cpu0->cpu0_L1I TOTAL        ACCESS:    5180960 HIT:    5171692 MISS:       9268 MISS_MERGE:       2475
cpu0->cpu0_L1I LOAD         ACCESS:    5180960 HIT:    5171692 MISS:       9268 MISS_MERGE:       2475
cpu0->cpu0_L1I RFO          ACCESS:          0 HIT:          0 MISS:          0 MISS_MERGE:          0
cpu0->cpu0_L1I PREFETCH     ACCESS:          0 HIT:          0 MISS:          0 MISS_MERGE:          0
cpu0->cpu0_L1I WRITE        ACCESS:          0 HIT:          0 MISS:          0 MISS_MERGE:          0
cpu0->cpu0_L1I TRANSLATION  ACCESS:          0 HIT:          0 MISS:          0 MISS_MERGE:          0
cpu0->cpu0_L1I PREFETCH REQUESTED:          0 ISSUED:          0 USEFUL:          0 USELESS:          0
cpu0->cpu0_L1I AVERAGE MISS LATENCY: 6.711 cycles
cpu0->cpu0_L2C TOTAL        ACCESS:      16272 HIT:       8067 MISS:       8205 MISS_MERGE:          0
cpu0->cpu0_L2C LOAD         ACCESS:      14567 HIT:       6718 MISS:       7849 MISS_MERGE:          0
cpu0->cpu0_L2C RFO          ACCESS:        314 HIT:         74 MISS:        240 MISS_MERGE:          0
cpu0->cpu0_L2C PREFETCH     ACCESS:          0 HIT:          0 MISS:          0 MISS_MERGE:          0
cpu0->cpu0_L2C WRITE        ACCESS:       1230 HIT:       1225 MISS:          5 MISS_MERGE:          0
cpu0->cpu0_L2C TRANSLATION  ACCESS:        161 HIT:         50 MISS:        111 MISS_MERGE:          0
cpu0->cpu0_L2C PREFETCH REQUESTED:          0 ISSUED:          0 USEFUL:          0 USELESS:          0
cpu0->cpu0_L2C AVERAGE MISS LATENCY: 177.5 cycles
cpu0->cpu0_STLB TOTAL        ACCESS:       6343 HIT:       6080 MISS:        263 MISS_MERGE:          0
cpu0->cpu0_STLB LOAD         ACCESS:       6343 HIT:       6080 MISS:        263 MISS_MERGE:          0
cpu0->cpu0_STLB RFO          ACCESS:          0 HIT:          0 MISS:          0 MISS_MERGE:          0
cpu0->cpu0_STLB PREFETCH     ACCESS:          0 HIT:          0 MISS:          0 MISS_MERGE:          0
cpu0->cpu0_STLB WRITE        ACCESS:          0 HIT:          0 MISS:          0 MISS_MERGE:          0
cpu0->cpu0_STLB TRANSLATION  ACCESS:          0 HIT:          0 MISS:          0 MISS_MERGE:          0
cpu0->cpu0_STLB PREFETCH REQUESTED:          0 ISSUED:          0 USEFUL:          0 USELESS:          0
cpu0->cpu0_STLB AVERAGE MISS LATENCY: 201.8 cycles

DRAM Statistics

Channel 0 RQ ROW_BUFFER_HIT:         53
  ROW_BUFFER_MISS:       7846
  AVG DBUS CONGESTED CYCLE: 18.45
Channel 0 WQ ROW_BUFFER_HIT:         81
  ROW_BUFFER_MISS:        192
  FULL:          0
Channel 0 REFRESHES ISSUED:       3262
