[VMEM] WARNING: physical memory size is smaller than virtual memory size.
WARNING: option --warmup_instructions is deprecated. Use --warmup-instructions instead.
WARNING: option --simulation_instructions is deprecated. Use --simulation-instructions instead.

*** ChampSim Multicore Out-of-Order Simulator ***
Warmup Instructions: 20000000
Simulation Instructions: 50000000
Number of CPUs: 1
Page size: 4096

Off-chip DRAM Size: 16 GiB Channels: 1 Width: 64-bit Data Rate: 3205 MT/s
Heartbeat CPU 0 instructions: 10000002 cycles: 6835267 heartbeat IPC: 1.463 cumulative IPC: 1.463 (Simulation time: 00 hr 00 min 36 sec)
Heartbeat CPU 0 instructions: 20000002 cycles: 13756590 heartbeat IPC: 1.445 cumulative IPC: 1.454 (Simulation time: 00 hr 01 min 13 sec)
Warmup finished CPU 0 instructions: 20000002 cycles: 13756590 cumulative IPC: 1.454 (Simulation time: 00 hr 01 min 13 sec)
Warmup complete CPU 0 instructions: 20000002 cycles: 13756590 cumulative IPC: 1.454 (Simulation time: 00 hr 01 min 13 sec)
Heartbeat CPU 0 instructions: 30000003 cycles: 21377545 heartbeat IPC: 1.312 cumulative IPC: 1.312 (Simulation time: 00 hr 01 min 42 sec)
Heartbeat CPU 0 instructions: 40000005 cycles: 29449541 heartbeat IPC: 1.239 cumulative IPC: 1.274 (Simulation time: 00 hr 02 min 13 sec)
Heartbeat CPU 0 instructions: 50000006 cycles: 37414699 heartbeat IPC: 1.255 cumulative IPC: 1.268 (Simulation time: 00 hr 02 min 43 sec)
Heartbeat CPU 0 instructions: 60000008 cycles: 44886468 heartbeat IPC: 1.338 cumulative IPC: 1.285 (Simulation time: 00 hr 03 min 12 sec)
Simulation finished CPU 0 instructions: 50000000 cycles: 39179146 cumulative IPC: 1.276 (Simulation time: 00 hr 03 min 42 sec)
Simulation complete CPU 0 instructions: 50000000 cycles: 39179146 cumulative IPC: 1.276 (Simulation time: 00 hr 03 min 42 sec)

ChampSim completed all CPUs

=== Simulation ===
CPU 0 runs traces/400.perlbench-41B.champsimtrace.xz

Region of Interest Statistics

CPU 0 cumulative IPC: 1.276 instructions: 50000000 cycles: 39179146
CPU 0 Branch Prediction Accuracy: 99.05% MPKI: 1.946 Average ROB Occupancy at Mispredict: 196.5
Branch type MPKI
BRANCH_DIRECT_JUMP: 0.00256
BRANCH_INDIRECT: 0.2763
BRANCH_CONDITIONAL: 1.65
BRANCH_DIRECT_CALL: 0.0073
BRANCH_INDIRECT_CALL: 0.00762
BRANCH_RETURN: 0.0019

cpu0->LLC TOTAL        ACCESS:       9641 HIT:       1641 MISS:       8000 MISS_MERGE:          0
cpu0->LLC LOAD         ACCESS:       7849 HIT:        166 MISS:       7683 MISS_MERGE:          0
cpu0->LLC RFO          ACCESS:        240 HIT:         35 MISS:        205 MISS_MERGE:          0
cpu0->LLC PREFETCH     ACCESS:          0 HIT:          0 MISS:          0 MISS_MERGE:          0
cpu0->LLC WRITE        ACCESS:       1441 HIT:       1378 MISS:         63 MISS_MERGE:          0
cpu0->LLC TRANSLATION  ACCESS:        111 HIT:         62 MISS:         49 MISS_MERGE:          0
cpu0->LLC PREFETCH REQUESTED:          0 ISSUED:          0 USEFUL:          0 USELESS:          0
cpu0->LLC AVERAGE MISS LATENCY: 174.9 cycles
cpu0->cpu0_DTLB TOTAL        ACCESS:   15497327 HIT:   15488018 MISS:       9309 MISS_MERGE:       2967
cpu0->cpu0_DTLB LOAD         ACCESS:   15497327 HIT:   15488018 MISS:       9309 MISS_MERGE:       2967
cpu0->cpu0_DTLB RFO          ACCESS:          0 HIT:          0 MISS:          0 MISS_MERGE:          0
cpu0->cpu0_DTLB PREFETCH     ACCESS:          0 HIT:          0 MISS:          0 MISS_MERGE:          0
cpu0->cpu0_DTLB WRITE        ACCESS:          0 HIT:          0 MISS:          0 MISS_MERGE:          0
cpu0->cpu0_DTLB TRANSLATION  ACCESS:          0 HIT:          0 MISS:          0 MISS_MERGE:          0
cpu0->cpu0_DTLB PREFETCH REQUESTED:          0 ISSUED:          0 USEFUL:          0 USELESS:          0
cpu0->cpu0_DTLB AVERAGE MISS LATENCY: 13.07 cycles
cpu0->cpu0_ITLB TOTAL        ACCESS:    5172021 HIT:    5172015 MISS:          6 MISS_MERGE:          4
cpu0->cpu0_ITLB LOAD         ACCESS:    5172021 HIT:    5172015 MISS:          6 MISS_MERGE:          4
cpu0->cpu0_ITLB RFO          ACCESS:          0 HIT:          0 MISS:          0 MISS_MERGE:          0
cpu0->cpu0_ITLB PREFETCH     ACCESS:          0 HIT:          0 MISS:          0 MISS_MERGE:          0
cpu0->cpu0_ITLB WRITE        ACCESS:          0 HIT:          0 MISS:          0 MISS_MERGE:          0
cpu0->cpu0_ITLB TRANSLATION  ACCESS:          0 HIT:          0 MISS:          0 MISS_MERGE:          0
cpu0->cpu0_ITLB PREFETCH REQUESTED:          0 ISSUED:          0 USEFUL:          0 USELESS:          0
cpu0->cpu0_ITLB AVERAGE MISS LATENCY: 4 cycles
cpu0->cpu0_L1D TOTAL        ACCESS:   15497854 HIT:   15485883 MISS:      11971 MISS_MERGE:       3722
cpu0->cpu0_L1D LOAD         ACCESS:    8482355 HIT:    8471320 MISS:      11035 MISS_MERGE:       3261
cpu0->cpu0_L1D RFO          ACCESS:          0 HIT:          0 MISS:          0 MISS_MERGE:          0
cpu0->cpu0_L1D PREFETCH     ACCESS:          0 HIT:          0 MISS:          0 MISS_MERGE:          0
cpu0->cpu0_L1D WRITE        ACCESS:    7014972 HIT:    7014197 MISS:        775 MISS_MERGE:        461
cpu0->cpu0_L1D TRANSLATION  ACCESS:        527 HIT:        366 MISS:        161 MISS_MERGE:          0
cpu0->cpu0_L1D PREFETCH REQUESTED:          0 ISSUED:          0 USEFUL:          0 USELESS:          0
cpu0->cpu0_L1D AVERAGE MISS LATENCY: 189.5 cycles
cpu0->cpu0_L1I TOTAL        ACCESS:    5180921 HIT:    5171644 MISS:       9277 MISS_MERGE:       2484
cpu0->cpu0_L1I LOAD         ACCESS:    5180921 HIT:    5171644 MISS:       9277 MISS_MERGE:       2484
cpu0->cpu0_L1I RFO          ACCESS:          0 HIT:          0 MISS:          0 MISS_MERGE:          0
cpu0->cpu0_L1I PREFETCH     ACCESS:          0 HIT:          0 MISS:          0 MISS_MERGE:          0
cpu0->cpu0_L1I WRITE        ACCESS:          0 HIT:          0 MISS:          0 MISS_MERGE:          0
cpu0->cpu0_L1I TRANSLATION  ACCESS:          0 HIT:          0 MISS:          0 MISS_MERGE:          0
cpu0->cpu0_L1I PREFETCH REQUESTED:          0 ISSUED:          0 USEFUL:          0 USELESS:          0
cpu0->cpu0_L1I AVERAGE MISS LATENCY: 7.082 cycles
cpu0->cpu0_L2C TOTAL        ACCESS:      16272 HIT:       8064 MISS:       8208 MISS_MERGE:          0
cpu0->cpu0_L2C LOAD         ACCESS:      14567 HIT:       6718 MISS:       7849 MISS_MERGE:          0
cpu0->cpu0_L2C RFO          ACCESS:        314 HIT:         74 MISS:        240 MISS_MERGE:          0
cpu0->cpu0_L2C PREFETCH     ACCESS:          0 HIT:          0 MISS:          0 MISS_MERGE:          0
cpu0->cpu0_L2C WRITE        ACCESS:       1230 HIT:       1222 MISS:          8 MISS_MERGE:          0
cpu0->cpu0_L2C TRANSLATION  ACCESS:        161 HIT:         50 MISS:        111 MISS_MERGE:          0
cpu0->cpu0_L2C PREFETCH REQUESTED:          0 ISSUED:          0 USEFUL:          0 USELESS:          0
cpu0->cpu0_L2C AVERAGE MISS LATENCY: 183.3 cycles
cpu0->cpu0_STLB TOTAL        ACCESS:       6344 HIT:       6081 MISS:        263 MISS_MERGE:          0
cpu0->cpu0_STLB LOAD         ACCESS:       6344 HIT:       6081 MISS:        263 MISS_MERGE:          0
cpu0->cpu0_STLB RFO          ACCESS:          0 HIT:          0 MISS:          0 MISS_MERGE:          0
cpu0->cpu0_STLB PREFETCH     ACCESS:          0 HIT:          0 MISS:          0 MISS_MERGE:          0
cpu0->cpu0_STLB WRITE        ACCESS:          0 HIT:          0 MISS:          0 MISS_MERGE:          0
cpu0->cpu0_STLB TRANSLATION  ACCESS:          0 HIT:          0 MISS:          0 MISS_MERGE:          0
cpu0->cpu0_STLB PREFETCH REQUESTED:          0 ISSUED:          0 USEFUL:          0 USELESS:          0
cpu0->cpu0_STLB AVERAGE MISS LATENCY: 217.8 cycles

DRAM Statistics

Channel 0 RQ ROW_BUFFER_HIT:         27
  ROW_BUFFER_MISS:       7910
  AVG DBUS CONGESTED CYCLE: 20.14
Channel 0 WQ ROW_BUFFER_HIT:        509
  ROW_BUFFER_MISS:       1188
  FULL:          0
Channel 0 REFRESHES ISSUED:       3265
